client:1599 WebSocket connection to 'ws://localhost:4321/?token=p5KkvL-k_IzR' failed: 
(anonymous) @ client:1599
@sentry_astro.js?v=a4df5a7b:9931 Connecting to 'https://gateway.umami.is/api/send' violates the following Content Security Policy directive: "connect-src 'self' https://ingest.sentry.io https://*.sentry.io ws://localhost:* ws://127.0.0.1:* https://cloud.umami.is". The action has been blocked.
(anonymous) @ @sentry_astro.js?v=a4df5a7b:9931
@sentry_astro.js?v=a4df5a7b:9931 Fetch API cannot load https://gateway.umami.is/api/send. Refused to connect because it violates the document's Content Security Policy.
(anonymous) @ @sentry_astro.js?v=a4df5a7b:9931
client:1609 WebSocket connection to 'ws://127.0.0.1:4321/?token=p5KkvL-k_IzR' failed: 
(anonymous) @ client:1609
@sentry_astro.js?v=a4df5a7b:6334 [vite] failed to connect to websocket.
your current setup:
  (browser) localhost:4321/ <--[HTTP]--> 127.0.0.1:4321/ (server)
  (browser) localhost:4321/ <--[WebSocket (failing)]--> 127.0.0.1:4321/ (server)
Check out your Vite / network configuration and https://vite.dev/config/server-options.html#server-hmr .
(anonymous) @ @sentry_astro.js?v=a4df5a7b:6334
@sentry_astro.js?v=a4df5a7b:6334 [vite] TypeError: Cannot read properties of undefined (reading 'send')
    at Object.send (client:444:7)
    at Object.send (client:1634:16)
    at Object.send (client:307:21)
    at Object.send (client:385:30)
    at HMRClient.send (client:161:18)
    at HMRContext.send (client:123:18)
    at AstroDevToolbar.setAppStatus (toolbar-BJ5M0JdJ.js?v=c51f1392:386:20)
    at toolbar-BJ5M0JdJ.js?v=c51f1392:278:15
    at Array.forEach (<anonymous>)
    at AstroDevToolbar.connectedCallback (toolbar-BJ5M0JdJ.js?v=c51f1392:277:13)
    at HTMLDocument.<anonymous> (entrypoint.js:229:17)
(anonymous) @ @sentry_astro.js?v=a4df5a7b:6334
@sentry_astro.js?v=a4df5a7b:6334 [vite] TypeError: Cannot read properties of undefined (reading 'send')
    at Object.send (client:444:7)
    at Object.send (client:1634:16)
    at Object.send (client:307:21)
    at Object.send (client:385:30)
    at HMRClient.send (client:161:18)
    at HMRContext.send (client:123:18)
    at AstroDevToolbar.setAppStatus (toolbar-BJ5M0JdJ.js?v=c51f1392:386:20)
    at toolbar-BJ5M0JdJ.js?v=c51f1392:278:15
    at Array.forEach (<anonymous>)
    at AstroDevToolbar.connectedCallback (toolbar-BJ5M0JdJ.js?v=c51f1392:277:13)
    at HTMLDocument.<anonymous> (entrypoint.js:229:17)
(anonymous) @ @sentry_astro.js?v=a4df5a7b:6334
@sentry_astro.js?v=a4df5a7b:6334 [vite] TypeError: Cannot read properties of undefined (reading 'send')
    at Object.send (client:444:7)
    at Object.send (client:1634:16)
    at Object.send (client:307:21)
    at Object.send (client:385:30)
    at HMRClient.send (client:161:18)
    at HMRContext.send (client:123:18)
    at AstroDevToolbar.setAppStatus (toolbar-BJ5M0JdJ.js?v=c51f1392:386:20)
    at toolbar-BJ5M0JdJ.js?v=c51f1392:278:15
    at Array.forEach (<anonymous>)
    at AstroDevToolbar.connectedCallback (toolbar-BJ5M0JdJ.js?v=c51f1392:277:13)
    at HTMLDocument.<anonymous> (entrypoint.js:229:17)
(anonymous) @ @sentry_astro.js?v=a4df5a7b:6334
@sentry_astro.js?v=a4df5a7b:6334 [vite] TypeError: Cannot read properties of undefined (reading 'send')
    at Object.send (client:444:7)
    at Object.send (client:1634:16)
    at Object.send (client:307:21)
    at Object.send (client:385:30)
    at HMRClient.send (client:161:18)
    at HMRContext.send (client:123:18)
    at AstroDevToolbar.setAppStatus (toolbar-BJ5M0JdJ.js?v=c51f1392:386:20)
    at toolbar-BJ5M0JdJ.js?v=c51f1392:278:15
    at Array.forEach (<anonymous>)
    at AstroDevToolbar.connectedCallback (toolbar-BJ5M0JdJ.js?v=c51f1392:277:13)
    at HTMLDocument.<anonymous> (entrypoint.js:229:17)
(anonymous) @ @sentry_astro.js?v=a4df5a7b:6334
@sentry_astro.js?v=a4df5a7b:6334 [vite] TypeError: Cannot read properties of undefined (reading 'send')
    at Object.send (client:444:7)
    at Object.send (client:1634:16)
    at Object.send (client:307:21)
    at Object.send (client:385:30)
    at HMRClient.send (client:161:18)
    at HMRContext.send (client:123:18)
    at AstroDevToolbar.setAppStatus (toolbar-BJ5M0JdJ.js?v=c51f1392:386:20)
    at toolbar-BJ5M0JdJ.js?v=c51f1392:278:15
    at Array.forEach (<anonymous>)
    at AstroDevToolbar.connectedCallback (toolbar-BJ5M0JdJ.js?v=c51f1392:277:13)
    at HTMLDocument.<anonymous> (entrypoint.js:229:17)
(anonymous) @ @sentry_astro.js?v=a4df5a7b:6334
@sentry_astro.js?v=a4df5a7b:6334 Download the React DevTools for a better development experience: https://react.dev/link/react-devtools
@sentry_astro.js?v=a4df5a7b:6334 Invalid hook call. Hooks can only be called inside of the body of a function component. This could happen for one of the following reasons:
1. You might have mismatching versions of React and the renderer (such as React DOM)
2. You might be breaking the Rules of Hooks
3. You might have more than one copy of React in the same app
See https://react.dev/link/invalid-hook-call for tips about how to debug and fix this problem.
(anonymous) @ @sentry_astro.js?v=a4df5a7b:6334
@sentry_astro.js?v=a4df5a7b:6334 Invalid hook call. Hooks can only be called inside of the body of a function component. This could happen for one of the following reasons:
1. You might have mismatching versions of React and the renderer (such as React DOM)
2. You might be breaking the Rules of Hooks
3. You might have more than one copy of React in the same app
See https://react.dev/link/invalid-hook-call for tips about how to debug and fix this problem.
(anonymous) @ @sentry_astro.js?v=a4df5a7b:6334
react.js?v=0f47a698:748 Uncaught TypeError: Cannot read properties of null (reading 'useState')
    at exports.useState (react.js?v=0f47a698:748:30)
    at SearchBar (SearchBar.tsx:17:29)
    at Object.react_stack_bottom_frame (client-toh3by83.js?v=a4df5a7b:12866:12)
    at renderWithHooks (client-toh3by83.js?v=a4df5a7b:4213:19)
    at updateFunctionComponent (client-toh3by83.js?v=a4df5a7b:5569:16)
    at beginWork (client-toh3by83.js?v=a4df5a7b:6140:20)
    at runWithFiberInDEV (client-toh3by83.js?v=a4df5a7b:851:66)
    at performUnitOfWork (client-toh3by83.js?v=a4df5a7b:8429:92)
    at workLoopSync (client-toh3by83.js?v=a4df5a7b:8325:37)
    at renderRootSync (client-toh3by83.js?v=a4df5a7b:8309:6)
    at performWorkOnRoot (client-toh3by83.js?v=a4df5a7b:7994:27)
    at performWorkOnRootViaSchedulerTask (client-toh3by83.js?v=a4df5a7b:9059:4)
    at MessagePort.performWorkUntilDeadline (client-toh3by83.js?v=a4df5a7b:36:38)
@sentry_astro.js?v=a4df5a7b:6334 An error occurred in the <SearchBar> component.

Consider adding an error boundary to your tree to customize error handling behavior.
Visit https://react.dev/link/error-boundaries to learn more about error boundaries.

(anonymous) @ @sentry_astro.js?v=a4df5a7b:6334
@sentry_astro.js?v=a4df5a7b:6334 [vite] TypeError: Cannot read properties of undefined (reading 'send')
    at Object.send (client:444:7)
    at Object.send (client:1634:16)
    at Object.send (client:307:21)
    at Object.send (client:385:30)
    at HMRClient.send (client:161:18)
    at HMRContext.send (client:123:18)
    at AstroDevToolbar.initApp (toolbar-BJ5M0JdJ.js?v=c51f1392:322:41)
(anonymous) @ @sentry_astro.js?v=a4df5a7b:6334
@sentry_astro.js?v=a4df5a7b:6334 [vite] TypeError: Cannot read properties of undefined (reading 'send')
    at Object.send (client:444:7)
    at Object.send (client:1634:16)
    at Object.send (client:307:21)
    at Object.send (client:385:30)
    at HMRClient.send (client:161:18)
    at HMRContext.send (client:123:18)
    at AstroDevToolbar.initApp (toolbar-BJ5M0JdJ.js?v=c51f1392:322:41)
(anonymous) @ @sentry_astro.js?v=a4df5a7b:6334
@sentry_astro.js?v=a4df5a7b:6334 [vite] TypeError: Cannot read properties of undefined (reading 'send')
    at Object.send (client:444:7)
    at Object.send (client:1634:16)
    at Object.send (client:307:21)
    at Object.send (client:385:30)
    at HMRClient.send (client:161:18)
    at HMRContext.send (client:123:18)
    at AstroDevToolbar.initApp (toolbar-BJ5M0JdJ.js?v=c51f1392:322:41)
(anonymous) @ @sentry_astro.js?v=a4df5a7b:6334
@sentry_astro.js?v=a4df5a7b:6334 [vite] TypeError: Cannot read properties of undefined (reading 'send')
    at Object.send (client:444:7)
    at Object.send (client:1634:16)
    at Object.send (client:307:21)
    at Object.send (client:385:30)
    at HMRClient.send (client:161:18)
    at HMRContext.send (client:123:18)
    at AstroDevToolbar.initApp (toolbar-BJ5M0JdJ.js?v=c51f1392:322:41)
(anonymous) @ @sentry_astro.js?v=a4df5a7b:6334
@sentry_astro.js?v=a4df5a7b:6334 [vite] TypeError: Cannot read properties of undefined (reading 'send')
    at Object.send (client:444:7)
    at Object.send (client:1634:16)
    at Object.send (client:307:21)
    at Object.send (client:385:30)
    at HMRClient.send (client:161:18)
    at HMRContext.send (client:123:18)
    at AstroDevToolbar.initApp (toolbar-BJ5M0JdJ.js?v=c51f1392:322:41)
(anonymous) @ @sentry_astro.js?v=a4df5a7b:6334
